#-----------------------------------------------------------
# Vivado v2018.3 (64-bit)
# SW Build 2405991 on Thu Dec  6 23:38:27 MST 2018
# IP Build 2404404 on Fri Dec  7 01:43:56 MST 2018
# Start of session at: Sun May 19 19:31:46 2019
# Process ID: 12748
# Current directory: C:/Users/coffe/Xilinx/The_zynq_book/AXI_DMA_Tutorial01/microzed_7020_dma_test_bak
# Command line: vivado.exe -gui_launcher_event rodinguilauncherevent10916 C:\Users\coffe\Xilinx\The_zynq_book\AXI_DMA_Tutorial01\microzed_7020_dma_test_bak\microzed_7020_dma_test_bak.xpr
# Log file: C:/Users/coffe/Xilinx/The_zynq_book/AXI_DMA_Tutorial01/microzed_7020_dma_test_bak/vivado.log
# Journal file: C:/Users/coffe/Xilinx/The_zynq_book/AXI_DMA_Tutorial01/microzed_7020_dma_test_bak\vivado.jou
#-----------------------------------------------------------
start_gui
open_project C:/Users/coffe/Xilinx/The_zynq_book/AXI_DMA_Tutorial01/microzed_7020_dma_test_bak/microzed_7020_dma_test_bak.xpr
update_compile_order -fileset sources_1
make_wrapper -files [get_files C:/Users/coffe/Xilinx/The_zynq_book/AXI_DMA_Tutorial01/microzed_7020_dma_test_bak/microzed_7020_dma_test_bak.srcs/sources_1/bd/design_1/design_1.bd] -top
file mkdir C:/Users/coffe/Xilinx/The_zynq_book/AXI_DMA_Tutorial01/microzed_7020_dma_test_bak/microzed_7020_dma_test_bak.sdk
file copy -force C:/Users/coffe/Xilinx/The_zynq_book/AXI_DMA_Tutorial01/microzed_7020_dma_test_bak/microzed_7020_dma_test_bak.runs/impl_1/design_1_wrapper.sysdef C:/Users/coffe/Xilinx/The_zynq_book/AXI_DMA_Tutorial01/microzed_7020_dma_test_bak/microzed_7020_dma_test_bak.sdk/design_1_wrapper.hdf

launch_sdk -workspace C:/Users/coffe/Xilinx/The_zynq_book/AXI_DMA_Tutorial01/microzed_7020_dma_test_bak/microzed_7020_dma_test_bak.sdk -hwspec C:/Users/coffe/Xilinx/The_zynq_book/AXI_DMA_Tutorial01/microzed_7020_dma_test_bak/microzed_7020_dma_test_bak.sdk/design_1_wrapper.hdf
